main.c:122:6:compute_sinewave	16	static
main.c:128:7:ADC_map	48	static
main.c:141:6:compute_ADC_map	48	static
main.c:164:10:average	24	static
main.c:174:9:steady_signal	16	static
main.c:193:5:main	16632	static
main.c:341:6:SystemClock_Config	88	static
main.c:385:13:MX_ADC1_Init	24	static
main.c:435:13:MX_DAC_Init	16	static
main.c:473:13:MX_I2C1_Init	8	static
main.c:507:13:MX_I2S3_Init	8	static
main.c:541:13:MX_TIM2_Init	32	static
main.c:586:13:MX_USART2_UART_Init	8	static
main.c:617:13:MX_DMA_Init	16	static
main.c:642:13:MX_GPIO_Init	48	static
main.c:682:6:HAL_TIM_PeriodElapsedCallback	16	static
main.c:698:6:HAL_ADC_ConvHalfCpltCallback	16	static
main.c:703:6:HAL_ADC_ConvCpltCallback	16	static
main.c:732:6:Error_Handler	4	static,ignoring_inline_asm
